---
http_interactions:
- request:
    method: get
    uri: http://0.0.0.0:8080/api/bookings/1.json?
    body:
      encoding: UTF-8
      string: access_key=<QT_KEY>
    headers:
      content-length:
      - '0'
  response:
    status:
      code: 200
      message: 'OK '
    headers:
      p3p:
      - CP="IDC DSP CAO COR ADM DEVi TAIi PSA PSD IVAi IVDi CONi HIS OUR IND CNT"
      content-type:
      - application/json; charset=utf-8
      x-ua-compatible:
      - IE=Edge
      etag:
      - '"9cd0edf6d2e391f5c447d4b6fc6f2a2d"'
      cache-control:
      - max-age=0, private, must-revalidate
      x-request-id:
      - fb4dbce43e93b3379fe5d1073bcf320c
      x-runtime:
      - '0.235874'
      vary:
      - Origin
      date:
      - Wed, 18 Nov 2015 03:40:25 GMT
      x-rack-cache:
      - miss
      server:
      - WEBrick/1.3.1 (Ruby/2.2.3/2015-08-18)
      content-length:
      - '12136'
      connection:
      - close
      set-cookie:
      - _session_id=BAh7B0kiD3Nlc3Npb25faWQGOgZFVEkiJWM2ZjA1OTA1MGViNTJiYjA5ZmUwYmE0Zjk0MDQ5ZGU2BjsAVEkiCXVzZXIGOwBGaQY%3D--ae9e177bf6c1661b3eac27697fab88e7145189ba;
        path=/; HttpOnly
    body:
      encoding: UTF-8
      string: '{"id":1,"state":"active","reference":"222223","public_comments":null,"internal_comments":null,"customer_contact_name":"New
        Name","customer_contact_phone":null,"customer_contact_mobile":null,"customer_contact_email":null,"currency_iso_code":"AUD","country_id":3,"post_code":"","referral_code_id":1,"created_at":"2013-03-01T00:05:46+10:30","updated_at":"2015-11-18T14:10:21+10:30","promo_code":null,"promo_code_id":null,"insurance_offered":false,"total_adjustments_in_cents":0,"pre_adjusted_gross_in_cents":38000,"nett_in_cents":38000,"gross_in_cents":38000,"commission_in_cents":0,"balance_in_cents":38000,"paid_in_cents":0,"surcharge_in_cents":0,"deposit_in_cents":0,"web_site_name":null,"deposit_relevant":false,"deposit_due_on":{"_type":"Date","_value":"2016-03-01T00:00:00+10:30"},"balance_due_on":{"_type":"Date","_value":"2016-03-01T00:00:00+10:30"},"first_travel_date":{"_type":"Date","_value":"2016-03-01"},"last_travel_date":{"_type":"Date","_value":"2016-03-02"},"complete":true,"reason_not_complete":null,"discardable_in":60,"inactivatable_in":10,"notices":{},"passenger_ids":[1,2],"vehicle_ids":[],"reservation_ids":[1,3,2],"adjustment_ids":[],"todo_items":[],"confirmation_requests":[],"passengers_attributes":[{"id":1,"title":"Mr","first_name":"New","last_name":"Name","passenger_type_id":1,"age":30,"gender":null,"position":1},{"id":2,"title":null,"first_name":null,"last_name":null,"passenger_type_id":1,"age":30,"gender":null,"position":2}],"vehicles_attributes":[],"reservations_attributes":[{"id":1,"booking_id":1,"description":"A
        basic studio room","comment":"","active":true,"service_ids":[3,4],"resource_id":6,"quantity":null,"adjustments_attributes":[{"id":6,"gross_in_cents":-20000,"creator":{"_access_ip":null,"_access_key":null,"_crypted_password":null,"_login":null,"_password":null,"_remember_token":null,"_remember_token_expires_at":null,"_salt":null,"active":true,"age":null,"business_number":null,"business_number_type":null,"created_at":"2013-03-01T00:00:02+10:30","creator_id":null,"currency_iso_code":"AUD","first_name":"administrator","gender":null,"id":1,"internal_staff":true,"internal_subdivision":false,"last_name":"administrator","name":"Administrator
        Administrator","notes":null,"remember_token":null,"remember_token_expires_at":null,"salt":null,"title":null,"updated_at":"2013-03-01T00:00:03+10:30","updator_id":null},"created_at":"2013-03-01T00:40:04+10:30","description":"50%
        Off","adjustable_item_type":"Reservation","adjustable_item_id":1,"adjustment_definition_id":1,"adjustment_category_id":1,"automatic":true}],"complete":true,"reason_not_complete":null,"enough_time_before_travel_to_edit":true,"bed_configuration":"1
        x Double and 1 x Single","product_type_id":2,"itinerary_footer":false,"fare_basis_set_id":12,"manually_priced":false,"manually_assigned_fare_basis_set":false,"has_fare_basis":true,"fare_basis_season_name":"","fare_basis_pointer_id":6,"pick_up_info":null,"drop_off_info":null,"selection_name":"Hilton
        Hotel:  Executive Room","product_name_underscore":"accommodation","resource_class_name_underscore":"accommodation","resource_class_name":"Accommodation","first_travel_date":{"_type":"Date","_value":"2016-03-01"},"last_travel_date":{"_type":"Date","_value":"2016-03-02"},"durational":true,"duration":2,"checkout_date":{"_type":"Date","_value":"2016-03-03"},"duration_units":"Nights","date_start_label":"In:","date_end_label":"Out:","accommodation_extra_picks":false,"expires":false,"has_skipped_reservation_groups":false,"editable_reservation_groups":[],"tariff_level_name":"Auto
        Priced as: Rack Rate","gross_including_packaged_item_in_cents":38000,"pre_adjusted_gross_including_packaged_item_in_cents":64000,"gross_in_cents":20000,"pre_adjusted_gross_in_cents":40000,"pre_adjusted_commission_in_cents":0,"cost_in_cents":20000,"sub_items_gross_in_cents":18000,"rules":[{"unique_name":"Test
        Discount Hilton","description":"","display_name":"Test Discount Hilton"}],"package":false,"sub_reservation_depth":0,"sub_reservations_attributes":[{"id":3,"booking_id":1,"description":"You
        have declined Travel Insurance for your booking. If you wish to add Travel
        Insurance to this booking, please contact the SeaLink Travel Group on 13 13
        01 prior to commencing your travels.","comment":null,"active":true,"service_ids":[7,8],"resource_id":4,"quantity":null,"adjustments_attributes":[],"complete":true,"reason_not_complete":null,"enough_time_before_travel_to_edit":true,"product_type_id":7,"itinerary_footer":true,"fare_basis_set_id":8,"manually_priced":false,"manually_assigned_fare_basis_set":false,"has_fare_basis":true,"fare_basis_season_name":"","fare_basis_pointer_id":4,"pick_up_info":null,"drop_off_info":null,"selection_name":"Travel
        Insurance - Declined","product_name_underscore":"travel_insurance","resource_class_name_underscore":"insurance","resource_class_name":"Insurance","first_travel_date":{"_type":"Date","_value":"2016-03-01"},"last_travel_date":{"_type":"Date","_value":"2016-03-02"},"durational":true,"duration":2,"duration_units":"Days","date_start_label":"Start
        Date:","date_end_label":"End Date:","expires":false,"has_skipped_reservation_groups":false,"editable_reservation_groups":[],"tariff_level_name":"Auto
        Priced as: Rack Rate","gross_including_packaged_item_in_cents":12000,"pre_adjusted_gross_including_packaged_item_in_cents":12000,"gross_in_cents":12000,"pre_adjusted_gross_in_cents":12000,"pre_adjusted_commission_in_cents":0,"cost_in_cents":8000,"rules":[],"package":false,"sub_reservation_depth":1,"extra_pick":null,"child_resource":true,"pending_confirmation":false,"confirmation_request_fields":["pick_up_information","drop_off_information","vendor_pnr","notes_for_vendor","vendor_staff","note_for_inventory_type_change"],"report_reservation_changes":false,"vendor_pnr":null,"pick_up_information":null,"drop_off_information":null,"vendor_staff":null,"notes_for_vendor":null,"passenger_ids":[1,2],"passenger_splits":[{"commission_in_cents":0,"commission_percentage":"0.0","consumer_id":1,"consumer_splittable_id":3,"consumer_splittable_type":"Reservation","created_at":"2013-03-01T00:17:34+10:30","gross_in_cents":6000,"id":7,"services_deck_division_id":null,"updated_at":"2013-03-01T00:17:34+10:30"},{"commission_in_cents":0,"commission_percentage":"0.0","consumer_id":2,"consumer_splittable_id":3,"consumer_splittable_type":"Reservation","created_at":"2013-03-01T00:17:34+10:30","gross_in_cents":6000,"id":8,"services_deck_division_id":null,"updated_at":"2013-03-01T00:17:34+10:30"}],"vehicle_ids":[],"vehicle_splits":[],"consumer_grosses":{"1":6000,"2":6000}},{"id":2,"booking_id":1,"description":"QBE
        Travel Insurance Policy E known as the ''Australian Cancellation and Additional
        Expenses'' plan has been included into this booking. This covers you for defined
        unforeseen cancellations and additional expenses. Please refer to the Product
        Disclosure Statement for further information.","comment":null,"active":true,"service_ids":[5,6],"resource_id":3,"quantity":null,"adjustments_attributes":[{"id":5,"gross_in_cents":-6000,"creator":{"_access_ip":null,"_access_key":null,"_crypted_password":null,"_login":null,"_password":null,"_remember_token":null,"_remember_token_expires_at":null,"_salt":null,"active":true,"age":null,"business_number":null,"business_number_type":null,"created_at":"2013-03-01T00:00:02+10:30","creator_id":null,"currency_iso_code":"AUD","first_name":"administrator","gender":null,"id":1,"internal_staff":true,"internal_subdivision":false,"last_name":"administrator","name":"Administrator
        Administrator","notes":null,"remember_token":null,"remember_token_expires_at":null,"salt":null,"title":null,"updated_at":"2013-03-01T00:00:03+10:30","updator_id":null},"created_at":"2013-03-01T00:40:04+10:30","description":"50%
        Off","adjustable_item_type":"Reservation","adjustable_item_id":2,"adjustment_definition_id":1,"adjustment_category_id":1,"automatic":true}],"complete":true,"reason_not_complete":null,"enough_time_before_travel_to_edit":true,"product_type_id":7,"itinerary_footer":true,"fare_basis_set_id":8,"manually_priced":false,"manually_assigned_fare_basis_set":false,"has_fare_basis":true,"fare_basis_season_name":"","fare_basis_pointer_id":4,"pick_up_info":null,"drop_off_info":null,"selection_name":"QBE
        Travel Insurance - Policy E","product_name_underscore":"travel_insurance","resource_class_name_underscore":"insurance","resource_class_name":"Insurance","first_travel_date":{"_type":"Date","_value":"2016-03-01"},"last_travel_date":{"_type":"Date","_value":"2016-03-02"},"durational":true,"duration":2,"duration_units":"Days","date_start_label":"Start
        Date:","date_end_label":"End Date:","expires":false,"has_skipped_reservation_groups":false,"editable_reservation_groups":[],"tariff_level_name":"Auto
        Priced as: Rack Rate","gross_including_packaged_item_in_cents":6000,"pre_adjusted_gross_including_packaged_item_in_cents":12000,"gross_in_cents":6000,"pre_adjusted_gross_in_cents":12000,"pre_adjusted_commission_in_cents":0,"cost_in_cents":8000,"rules":[{"unique_name":"QBE
        Get Me","description":"","display_name":"QBE Get Me"}],"package":false,"sub_reservation_depth":1,"extra_pick":null,"child_resource":true,"pending_confirmation":false,"confirmation_request_fields":["pick_up_information","drop_off_information","vendor_pnr","notes_for_vendor","vendor_staff","note_for_inventory_type_change"],"report_reservation_changes":false,"vendor_pnr":null,"pick_up_information":null,"drop_off_information":null,"vendor_staff":null,"notes_for_vendor":null,"passenger_ids":[1,2],"passenger_splits":[{"commission_in_cents":0,"commission_percentage":"0.0","consumer_id":1,"consumer_splittable_id":2,"consumer_splittable_type":"Reservation","created_at":"2013-03-01T00:11:08+10:30","gross_in_cents":6000,"id":3,"services_deck_division_id":null,"updated_at":"2013-03-01T00:11:08+10:30"},{"commission_in_cents":0,"commission_percentage":"0.0","consumer_id":2,"consumer_splittable_id":2,"consumer_splittable_type":"Reservation","created_at":"2013-03-01T00:11:08+10:30","gross_in_cents":6000,"id":4,"services_deck_division_id":null,"updated_at":"2013-03-01T00:11:08+10:30"}],"vehicle_ids":[],"vehicle_splits":[],"consumer_grosses":{"1":3000,"2":3000}}],"extra_pick":null,"child_resource":null,"pending_confirmation":false,"confirmation_request_fields":[],"report_reservation_changes":false,"vendor_pnr":null,"pick_up_information":null,"drop_off_information":null,"vendor_staff":null,"notes_for_vendor":null,"passenger_ids":[1,2],"passenger_splits":[{"commission_in_cents":0,"commission_percentage":"0.0","consumer_id":1,"consumer_splittable_id":1,"consumer_splittable_type":"Reservation","created_at":"2013-03-01T00:08:00+10:30","gross_in_cents":0,"id":1,"services_deck_division_id":null,"updated_at":"2013-03-01T00:08:00+10:30"},{"commission_in_cents":0,"commission_percentage":"0.0","consumer_id":2,"consumer_splittable_id":1,"consumer_splittable_type":"Reservation","created_at":"2013-03-01T00:08:00+10:30","gross_in_cents":0,"id":2,"services_deck_division_id":null,"updated_at":"2013-03-01T00:08:00+10:30"}],"vehicle_ids":[],"vehicle_splits":[],"consumer_grosses":{"1":0,"2":0}}],"adjustments_attributes":[],"payments_attributes":[],"payment_types_attributes":[{"id":5,"name":"master","description":"master","payment_method":"credit_card","gateway":"braintree","credit_card_brand":"MasterCard","transaction_fee":"0.0","active":true,"position":2,"surchargeable":false,"for_frequent_traveller_redemption":false,"comment_required":false,"external":true,"redirect":false},{"id":4,"name":"visa","description":"visa","payment_method":"credit_card","gateway":"braintree","credit_card_brand":"Visa","transaction_fee":"0.0","active":true,"position":3,"surchargeable":false,"for_frequent_traveller_redemption":false,"comment_required":false,"external":true,"redirect":false},{"id":7,"name":"PayPal","description":"Payments
        made via PayPal account","payment_method":"paypal","gateway":"braintree","credit_card_brand":null,"transaction_fee":"0.0","active":true,"position":6,"surchargeable":false,"for_frequent_traveller_redemption":false,"comment_required":false,"external":true,"redirect":false}],"issued_tickets_attributes":[]}'
    http_version: '1.1'
  recorded_at: Wed, 18 Nov 2015 03:40:25 GMT
- request:
    method: get
    uri: http://0.0.0.0:8080/resources/4.json?
    body:
      encoding: UTF-8
      string: access_key=<QT_KEY>
    headers:
      content-length:
      - '0'
  response:
    status:
      code: 200
      message: 'OK '
    headers:
      p3p:
      - CP="IDC DSP CAO COR ADM DEVi TAIi PSA PSD IVAi IVDi CONi HIS OUR IND CNT"
      content-type:
      - application/json; charset=utf-8
      x-ua-compatible:
      - IE=Edge
      etag:
      - '"5585726f043f7b5d5b1207dbbfa5fd9d"'
      cache-control:
      - max-age=0, private, must-revalidate
      x-request-id:
      - ffd82177df7a18c0f00c8f340fcc32b7
      x-runtime:
      - '0.066116'
      vary:
      - Origin
      date:
      - Wed, 18 Nov 2015 03:40:25 GMT
      x-rack-cache:
      - miss
      server:
      - WEBrick/1.3.1 (Ruby/2.2.3/2015-08-18)
      content-length:
      - '1636'
      connection:
      - close
      set-cookie:
      - _session_id=BAh7B0kiD3Nlc3Npb25faWQGOgZFVEkiJWRmYzMwM2VjNjVhYzQ3Mjg2ZmU1OTE1N2RlZGRjNzZiBjsAVEkiCXVzZXIGOwBGaQY%3D--c0b61d227646d8c60e907c333a88c99b7dd41965;
        path=/; HttpOnly
    body:
      encoding: UTF-8
      string: '{"id":4,"name":"Travel Insurance - Declined","product_type_id":7,"default_capacity":null,"type":"Insurance","inventory_type":1,"maximum_occupancy":null,"location_id":null,"property_id":null,"fare_basis_pointer_id":4,"disclaimer_id":null,"deposit_rule_id":null,"vendor_id":null,"maximum_weight":null,"days_before_inventory_expires":null,"property_type_id":null,"star_rating":null,"booking_notes":"This
        is only to be used if the clients have declined Travel Insurance.","expiry_units":null,"uses":null,"inline_price_in_cents":null,"inline_cost_in_cents":null,"expiry_level":null,"unlimited_uses":false,"no_expiry":false,"reason_required":false,"resource_category_id":null,"created_at":"2014-09-12T17:12:11+09:30","updated_at":"2013-03-01T00:17:12+10:30","code":"","restrict_to_client_types":false,"minimum_age":null,"guardian_minimum_age":null,"book_before_level":null,"book_before_units":"seconds","maximum_passengers_online":null,"active":true,"report_changes":false,"inline_pricing":false,"bookable_individually":true,"minimum_passengers":null,"maximum_passengers":null,"required_number_of_vehicles":null,"frequent_traveller_points_multiplier":null,"commissionable":true,"masterpoint_resource_id":null,"print_tickets":false,"individual_tickets":null,"frequent_traveller_redemption_rate":null,"position":null,"client_type_ids":[],"category":null,"location":"","current_description":"\u003Cp\u003EYou
        have declined Travel Insurance for your booking. If you wish to add Travel
        Insurance to this booking, please contact the SeaLink Travel Group on 13 13
        01 prior to commencing your travels.\u003C/p\u003E","graphics":[],"graphic_names":[]}'
    http_version: '1.1'
  recorded_at: Wed, 18 Nov 2015 03:40:25 GMT
- request:
    method: get
    uri: http://0.0.0.0:8080/resources/3.json?
    body:
      encoding: UTF-8
      string: access_key=<QT_KEY>
    headers:
      content-length:
      - '0'
  response:
    status:
      code: 200
      message: 'OK '
    headers:
      p3p:
      - CP="IDC DSP CAO COR ADM DEVi TAIi PSA PSD IVAi IVDi CONi HIS OUR IND CNT"
      content-type:
      - application/json; charset=utf-8
      x-ua-compatible:
      - IE=Edge
      etag:
      - '"965ded39d7e40364ddde88008478f66a"'
      cache-control:
      - max-age=0, private, must-revalidate
      x-request-id:
      - 89ac467ecb118741898990b8a6515c2b
      x-runtime:
      - '0.072468'
      vary:
      - Origin
      date:
      - Wed, 18 Nov 2015 03:40:25 GMT
      x-rack-cache:
      - miss
      server:
      - WEBrick/1.3.1 (Ruby/2.2.3/2015-08-18)
      content-length:
      - '1855'
      connection:
      - close
      set-cookie:
      - _session_id=BAh7B0kiD3Nlc3Npb25faWQGOgZFVEkiJWNmOTQ0MTc1MjE2MDBmMzQ2N2VlMGRkNzA1MmUyM2EyBjsAVEkiCXVzZXIGOwBGaQY%3D--08e7f473b1efbe18342f717e122f72c1ee819e95;
        path=/; HttpOnly
    body:
      encoding: UTF-8
      string: '{"id":3,"name":"QBE Travel Insurance - Policy E","product_type_id":7,"default_capacity":null,"type":"Insurance","inventory_type":1,"maximum_occupancy":null,"location_id":null,"property_id":null,"fare_basis_pointer_id":4,"disclaimer_id":null,"deposit_rule_id":null,"vendor_id":null,"maximum_weight":null,"days_before_inventory_expires":null,"property_type_id":null,"star_rating":null,"booking_notes":"QBE
        Travel Insurance Policy E covers the clients up to $1000 for defined unforeseen
        cancellations and additional expenses.","expiry_units":null,"uses":null,"inline_price_in_cents":null,"inline_cost_in_cents":null,"expiry_level":null,"unlimited_uses":false,"no_expiry":false,"reason_required":false,"resource_category_id":null,"created_at":"2014-09-12T17:10:47+09:30","updated_at":"2014-09-12T17:10:55+09:30","code":"","restrict_to_client_types":false,"minimum_age":null,"guardian_minimum_age":19,"book_before_level":null,"book_before_units":"seconds","maximum_passengers_online":null,"active":true,"report_changes":false,"inline_pricing":false,"bookable_individually":true,"minimum_passengers":null,"maximum_passengers":null,"required_number_of_vehicles":null,"frequent_traveller_points_multiplier":null,"commissionable":true,"masterpoint_resource_id":null,"print_tickets":false,"individual_tickets":null,"frequent_traveller_redemption_rate":null,"position":null,"client_type_ids":[],"category":null,"location":"","current_description":"\u003Cp\u003E\u003Cspan
        class=\"caps\"\u003EQBE\u003C/span\u003E Travel Insurance Policy E known as
        the \u0026#8216;Australian Cancellation and Additional Expenses\u0026#8217;
        plan has been included into this booking. This covers you for defined unforeseen
        cancellations and additional expenses. Please refer to the Product Disclosure
        Statement for further information.\u003C/p\u003E","graphics":[],"graphic_names":[]}'
    http_version: '1.1'
  recorded_at: Wed, 18 Nov 2015 03:40:25 GMT
recorded_with: VCR 2.9.3
